// Jest Snapshot v1, https://goo.gl/fbAQLP

exports[`<Plant></Plant> should render the component 1`] = `
<div
  class="device  "
>
  Plant 
  output
  <div
    class="form"
  >
    <input
      type="number"
      value="5"
    />
    <button>
      Water
    </button>
  </div>
  <div
    class="status"
  />
</div>
`;
